// Jest Snapshot v1, https://goo.gl/fbAQLP

exports[`<SignUp/> matches snapshot 1`] = `
<div
  className="Signup"
>
  <div
    className="MuiInputBase-root MuiInput-root MuiInput-underline"
    onClick={[Function]}
  >
    <input
      className="MuiInputBase-input MuiInput-input"
      name="email"
      onAnimationStart={[Function]}
      onBlur={[Function]}
      onChange={[Function]}
      onFocus={[Function]}
      placeholder="Email"
      type="text"
      value=""
    />
  </div>
  <div
    className="MuiInputBase-root MuiInput-root MuiInput-underline"
    onClick={[Function]}
  >
    <input
      className="MuiInputBase-input MuiInput-input"
      name="name"
      onAnimationStart={[Function]}
      onBlur={[Function]}
      onChange={[Function]}
      onFocus={[Function]}
      placeholder="Name"
      type="text"
      value=""
    />
  </div>
  <div
    className="MuiInputBase-root MuiInput-root MuiInput-underline"
    onClick={[Function]}
  >
    <input
      className="MuiInputBase-input MuiInput-input"
      name="surname"
      onAnimationStart={[Function]}
      onBlur={[Function]}
      onChange={[Function]}
      onFocus={[Function]}
      placeholder="Surname"
      type="text"
      value=""
    />
  </div>
  <div
    className="MuiInputBase-root MuiInput-root MuiInput-underline"
    onClick={[Function]}
  >
    <input
      className="MuiInputBase-input MuiInput-input"
      name="login"
      onAnimationStart={[Function]}
      onBlur={[Function]}
      onChange={[Function]}
      onFocus={[Function]}
      placeholder="Login"
      type="text"
      value=""
    />
  </div>
  <div
    className="MuiInputBase-root MuiInput-root MuiInput-underline"
    onClick={[Function]}
  >
    <input
      className="MuiInputBase-input MuiInput-input"
      name="password"
      onAnimationStart={[Function]}
      onBlur={[Function]}
      onChange={[Function]}
      onFocus={[Function]}
      placeholder="Password"
      type="password"
      value=""
    />
  </div>
  <button
    className="Button"
  >
    Signup
  </button>
</div>
`;
