// Jest Snapshot v1, https://goo.gl/fbAQLP

exports[`<UserPanel /> matches snapshot 1`] = `
<div
  className="Panel"
>
  <div
    className="Logo_logged"
  >
    <img
      alt="Logo"
      src="logo.png"
    />
  </div>
  <h1
    style={
      Object {
        "fontWeight": "normal",
      }
    }
  >
    Panel
  </h1>
  <div>
    <button
      className="Button Red"
      onClick={[Function]}
    >
      Log Out
    </button>
    <button
      className="Button"
      onClick={[Function]}
    >
      Make Transfer
    </button>
  </div>
  <div
    className="Transfers"
  >
    <h1
      style={
        Object {
          "fontSize": "20px",
          "fontWeight": "normal",
        }
      }
    >
      History of Transfers
    </h1>
    <ul />
  </div>
  <div
    className="Informations"
  >
    <h1>
      Informations
    </h1>
    <ul>
      <li>
        <h2
          style={
            Object {
              "fontSize": "36px",
            }
          }
        >
          
           
          
        </h2>
      </li>
      <li>
        <h3>
          Cash: 
        </h3>
      </li>
      <li>
        <h3>
          Bill Number: 
          
        </h3>
      </li>
    </ul>
  </div>
</div>
`;
