// Jest Snapshot v1, https://goo.gl/fbAQLP

exports[`<HomePanel /> matches snapshot 1`] = `
Array [
  <div
    className="Logo"
  >
    <img
      alt="Logo"
      src="logo.png"
    />
  </div>,
  <div
    style={
      Object {
        "fontSize": "30px",
      }
    }
  >
    Hi welcome in our bank!
    <br />
    Come on look at your money!
  </div>,
  <button
    className="Button"
    onClick={[Function]}
  >
    Log in
  </button>,
  <button
    className="Button"
    onClick={[Function]}
  >
    Register
  </button>,
]
`;
